export const snapshot = {};

snapshot[`serializer - primitives & plain objects 1`] = `'{"v":{"a":1,"b":"2","c":true,"d":null,"f":[1,2,3],"g":{"a":1,"b":2,"c":3}}}'`;

snapshot[`serializer - magic key 1`] = `'{"v":{"_f":"l","k":"f","v":{"a":1}}}'`;

snapshot[`serializer - circular reference objects 1`] = `'{"v":{"a":1,"b":0},"r":[[[],["b"]]]}'`;

snapshot[`serializer - circular reference nested objects 1`] = `'{"v":{"a":1,"b":{"c":2,"d":0}},"r":[[[],["b","d"]]]}'`;

snapshot[`serializer - circular reference array 1`] = `'{"v":[1,2,3,0],"r":[[[],["3"]]]}'`;

snapshot[`serializer - multiple reference 1`] = `'{"v":{"a":1,"b":{"c":2},"d":0},"r":[[["b"],["d"]]]}'`;

snapshot[`serializer - multiple reference in magic key 1`] = `'{"v":{"literal":{"_f":"l","k":"x","v":{"inner":{"foo":"bar"}}},"inner":0},"r":[[["literal",null,"inner"],["inner"]]]}'`;
